// Jest Snapshot v1, https://goo.gl/fbAQLP

exports[`<ClauseEditor /> on initialization renders page correctly 1`] = `
<div>
  <MarkdownEditor
    lockText={true}
    markdown=""
    markdownMode={false}
    onChange={[Function]}
    plugins={Array []}
  />
  <ParseResult
    parseResult={null}
  />
</div>
`;
